libtool: compile:  gcc -I. -I/home/csrfprotect/ext -DPHP_ATOM_INC -I/home/csrfprotect/ext/include -I/home/csrfprotect/ext/main -I/home/csrfprotect/ext -I/usr/include/php5 -I/usr/include/php5/main -I/usr/include/php5/TSRM -I/usr/include/php5/Zend -I/usr/include/php5/ext -I/usr/include/php5/ext/date/lib -DHAVE_CONFIG_H -O2 -fvisibility=hidden -Wparentheses -flto -DZEPHIR_RELEASE=1 -c /home/csrfprotect/ext/kernel/concat.c  -fPIC -DPIC -o kernel/.libs/concat.o
libtool: compile:  gcc -I. -I/home/csrfprotect/ext -DPHP_ATOM_INC -I/home/csrfprotect/ext/include -I/home/csrfprotect/ext/main -I/home/csrfprotect/ext -I/usr/include/php5 -I/usr/include/php5/main -I/usr/include/php5/TSRM -I/usr/include/php5/Zend -I/usr/include/php5/ext -I/usr/include/php5/ext/date/lib -DHAVE_CONFIG_H -O2 -fvisibility=hidden -Wparentheses -flto -DZEPHIR_RELEASE=1 -c /home/csrfprotect/ext/csrfprotect/csrfprotect.zep.c  -fPIC -DPIC -o csrfprotect/.libs/csrfprotect.o
libtool: link: rm -fr  .libs/csrfprotect.la .libs/csrfprotect.lai .libs/csrfprotect.so
libtool: link: gcc -shared  -fPIC -DPIC  .libs/csrfprotect.o kernel/.libs/main.o kernel/.libs/memory.o kernel/.libs/exception.o kernel/.libs/hash.o kernel/.libs/debug.o kernel/.libs/backtrace.o kernel/.libs/object.o kernel/.libs/array.o kernel/extended/.libs/array.o kernel/.libs/string.o kernel/.libs/fcall.o kernel/extended/.libs/fcall.o kernel/.libs/require.o kernel/.libs/file.o kernel/.libs/operators.o kernel/.libs/math.o kernel/.libs/concat.o kernel/.libs/variables.o kernel/.libs/filter.o kernel/.libs/iterator.o kernel/.libs/time.o kernel/.libs/exit.o csrfprotect/.libs/csrfprotect.o    -O2 -flto   -Wl,-soname -Wl,csrfprotect.so -o .libs/csrfprotect.so
libtool: link: ( cd ".libs" && rm -f "csrfprotect.la" && ln -s "../csrfprotect.la" "csrfprotect.la" )
libtool: install: cp ./.libs/csrfprotect.so /home/csrfprotect/ext/modules/csrfprotect.so
libtool: install: cp ./.libs/csrfprotect.lai /home/csrfprotect/ext/modules/csrfprotect.la
libtool: finish: PATH="/usr/local/sbin:/usr/local/bin:/usr/sbin:/usr/bin:/sbin:/bin:/usr/games:/usr/local/games:/usr/bin:/sbin" ldconfig -n /home/csrfprotect/ext/modules
----------------------------------------------------------------------
Libraries have been installed in:
   /home/csrfprotect/ext/modules

If you ever happen to want to link against installed libraries
in a given directory, LIBDIR, you must either use libtool, and
specify the full pathname of the library, or use the `-LLIBDIR'
flag during linking and do at least one of the following:
   - add LIBDIR to the `LD_LIBRARY_PATH' environment variable
     during execution
   - add LIBDIR to the `LD_RUN_PATH' environment variable
     during linking
   - use the `-Wl,-rpath -Wl,LIBDIR' linker flag
   - have your system administrator add LIBDIR to `/etc/ld.so.conf'

See any operating system documentation about shared libraries for
more information, such as the ld(1) and ld.so(8) manual pages.
----------------------------------------------------------------------

Build complete.
Don't forget to run 'make test'.

Installing shared extensions:     /usr/lib/php5/20131226/
Installing header files:          /usr/include/php5/
